107. Printing statistics.

=== spm ===

        +----------Local Count, excluding submodules.
        |        +-Local Area, excluding submodules.
        |        | 
      350        - wires
      381        - wire bits
      132        - public wires
      163        - public wire bits
        5        - ports
       36        - port bits
      346 4.03E+03 cells
       31   271.51   sky130_fd_sc_hd__a21o_2
       32  280.269   sky130_fd_sc_hd__a21oi_2
       32   240.23   sky130_fd_sc_hd__and3_2
       64 1.68E+03   sky130_fd_sc_hd__dfrtp_2
       31  116.362   sky130_fd_sc_hd__inv_2
       31  193.936   sky130_fd_sc_hd__nand2_2
       62  620.595   sky130_fd_sc_hd__nand3_2
        1    6.256   sky130_fd_sc_hd__nor2_2
       31   271.51   sky130_fd_sc_hd__o21ai_2
       31  349.085   sky130_fd_sc_hd__o21bai_2

   Chip area for module '\spm': 4031.366400
     of which used for sequential elements: 1681.612800 (41.71%)

