
 /----------------------------------------------------------------------------\
 |  yosys -- Yosys Open SYnthesis Suite                                       |
 |  Copyright (C) 2012 - 2026  Claire Xenia Wolf <claire@yosyshq.com>         |
 |  Distributed under an ISC-like license, type "license" to see terms        |
 \----------------------------------------------------------------------------/
 Yosys 0.62 (git sha1 7326bb7d6641500ecb285c291a54a662cb1e76cf, clang++ 21.1.2 -fPIC -O3)

1. Executing Liberty frontend: /home/cl4/.ciel/ciel/sky130/versions/8afc8346a57fe1ab7934ba5a6056ea8b43078e71/sky130A/libs.ref/sky130_fd_sc_hd/lib/sky130_fd_sc_hd__tt_025C_1v80.lib
Imported 428 cell types from liberty file.
[INFO] Using SDC file '/home/cl4/Desktop/training/spm/runs/RUN_2026-08-07_05-43-40/12-yosys-synthesis/synthesis.abc.sdc' for ABC…wtaf

2. Executing Verilog-2005 frontend: /home/cl4/Desktop/training/spm/src/spm.v
Parsing SystemVerilog input from `/home/cl4/Desktop/training/spm/src/spm.v' to AST representation.
Storing AST representation for module `$abstract\spm'.
Storing AST representation for module `$abstract\delayed_serial_adder'.
Successfully finished Verilog frontend.

3. Executing HIERARCHY pass (managing design hierarchy).

4. Executing AST frontend in derive mode using pre-parsed AST for module `\spm'.
Generating RTLIL representation for module `\spm'.

4.1. Analyzing design hierarchy..
Top module:  \spm

4.2. Executing AST frontend in derive mode using pre-parsed AST for module `\delayed_serial_adder'.
Generating RTLIL representation for module `\delayed_serial_adder'.

4.3. Analyzing design hierarchy..
Top module:  \spm
Used module:     \delayed_serial_adder

4.4. Analyzing design hierarchy..
Top module:  \spm
Used module:     \delayed_serial_adder
Removing unused module `$abstract\delayed_serial_adder'.
Removing unused module `$abstract\spm'.
Removed 2 unused modules.
Renaming module spm to spm.

5. Executing ATTRMAP pass (move or copy attributes).

6. Executing TRIBUF pass.

7. Executing HIERARCHY pass (managing design hierarchy).

7.1. Analyzing design hierarchy..
Top module:  \spm
Used module:     \delayed_serial_adder

7.2. Analyzing design hierarchy..
Top module:  \spm
Used module:     \delayed_serial_adder
Removed 0 unused modules.

8. Executing PROC_CLEAN pass (remove empty switches from decision trees).
Cleaned up 0 empty switches.

9. Executing PROC_RMDEAD pass (remove dead branches from decision trees).
Marked 1 switch rules as full_case in process $proc$/home/cl4/Desktop/training/spm/src/spm.v:64$4 in module delayed_serial_adder.
Removed a total of 0 dead cases.

10. Executing PROC_PRUNE pass (remove redundant assignments in processes).
Removed 2 redundant assignments.
Promoted 0 assignments to connections.

11. Executing PROC_INIT pass (extract init attributes).

12. Executing PROC_ARST pass (detect async resets in processes).
Found async reset \rst in `\delayed_serial_adder.$proc$/home/cl4/Desktop/training/spm/src/spm.v:64$4'.

13. Executing PROC_ROM pass (convert switches to ROMs).
Converted 0 switches.

14. Executing PROC_MUX pass (convert decision trees to multiplexers).
Creating decoders for process `\delayed_serial_adder.$proc$/home/cl4/Desktop/training/spm/src/spm.v:64$4'.
     1/2: $0\y_out[0:0]
     2/2: $0\last_carry[0:0]

15. Executing PROC_DLATCH pass (convert process syncs to latches).

16. Executing PROC_DFF pass (convert process syncs to FFs).
Creating register for signal `\delayed_serial_adder.\y_out' using process `\delayed_serial_adder.$proc$/home/cl4/Desktop/training/spm/src/spm.v:64$4'.
  created $adff cell `$procdff$10' with positive edge clock and positive level reset.
Creating register for signal `\delayed_serial_adder.\last_carry' using process `\delayed_serial_adder.$proc$/home/cl4/Desktop/training/spm/src/spm.v:64$4'.
  created $adff cell `$procdff$15' with positive edge clock and positive level reset.

17. Executing PROC_MEMWR pass (convert process memory writes to cells).

18. Executing PROC_CLEAN pass (remove empty switches from decision trees).
Removing empty process `delayed_serial_adder.$proc$/home/cl4/Desktop/training/spm/src/spm.v:64$4'.
Cleaned up 0 empty switches.

19. Executing CHECK pass (checking for obvious problems).
Checking module spm...
Checking module delayed_serial_adder...
Found and reported 0 problems.

20. Executing OPT_EXPR pass (perform const folding).
Optimizing module spm.
Optimizing module delayed_serial_adder.
<suppressed ~4 debug messages>

21. Executing FLATTEN pass (flatten design).
Deleting now unused module delayed_serial_adder.
<suppressed ~32 debug messages>

22. Executing OPT_EXPR pass (perform const folding).
Optimizing module spm.
<suppressed ~1 debug messages>

23. Executing OPT_CLEAN pass (remove unused cells and wires).
Finding unused cells or wires in module \spm..
Removed 96 unused cells and 289 unused wires.
<suppressed ~98 debug messages>

24. Executing OPT_EXPR pass (perform const folding).
Optimizing module spm.

25. Executing OPT_MERGE pass (detect identical cells).
Finding identical cells in module `\spm'.
Computing hashes of 191 cells of `\spm'.
Finding duplicate cells in `\spm'.
Removed a total of 0 cells.

26. Executing OPT_MUXTREE pass (detect dead branches in mux trees).
Running muxtree optimizer on module \spm..
  Creating internal representation of mux trees.
  No muxes found in this module.
Removed 0 multiplexer ports.

27. Executing OPT_REDUCE pass (consolidate $*mux and $reduce_* inputs).
  Optimizing cells in module \spm.
Performed a total of 0 changes.

28. Executing OPT_MERGE pass (detect identical cells).
Finding identical cells in module `\spm'.
Computing hashes of 191 cells of `\spm'.
Finding duplicate cells in `\spm'.
Removed a total of 0 cells.

29. Executing OPT_DFF pass (perform DFF optimizations).

30. Executing OPT_CLEAN pass (remove unused cells and wires).
Finding unused cells or wires in module \spm..

31. Executing OPT_EXPR pass (perform const folding).
Optimizing module spm.

32. Executing FSM pass (extract and optimize FSM).

32.1. Executing FSM_DETECT pass (finding FSMs in design).

32.2. Executing FSM_EXTRACT pass (extracting FSM from design).

32.3. Executing FSM_OPT pass (simple optimizations of FSMs).

32.4. Executing OPT_CLEAN pass (remove unused cells and wires).
Finding unused cells or wires in module \spm..

32.5. Executing FSM_OPT pass (simple optimizations of FSMs).

32.6. Executing FSM_RECODE pass (re-assigning FSM state encoding).

32.7. Executing FSM_INFO pass (dumping all available information on FSM cells).

32.8. Executing FSM_MAP pass (mapping FSMs to basic logic).

33. Executing OPT_EXPR pass (perform const folding).
Optimizing module spm.

34. Executing OPT_MERGE pass (detect identical cells).
Finding identical cells in module `\spm'.
Computing hashes of 191 cells of `\spm'.
Finding duplicate cells in `\spm'.
Removed a total of 0 cells.

35. Executing OPT_MUXTREE pass (detect dead branches in mux trees).
Running muxtree optimizer on module \spm..
  Creating internal representation of mux trees.
  No muxes found in this module.
Removed 0 multiplexer ports.

36. Executing OPT_REDUCE pass (consolidate $*mux and $reduce_* inputs).
  Optimizing cells in module \spm.
Performed a total of 0 changes.

37. Executing OPT_MERGE pass (detect identical cells).
Finding identical cells in module `\spm'.
Computing hashes of 191 cells of `\spm'.
Finding duplicate cells in `\spm'.
Removed a total of 0 cells.

38. Executing OPT_DFF pass (perform DFF optimizations).

39. Executing OPT_CLEAN pass (remove unused cells and wires).
Finding unused cells or wires in module \spm..

40. Executing OPT_EXPR pass (perform const folding).
Optimizing module spm.

41. Executing WREDUCE pass (reducing word size of cells).
Removed top 1 bits (of 2) from port A of cell spm.$flatten\dsa[0].$add$/home/cl4/Desktop/training/spm/src/spm.v:62$3 ($add).

42. Executing PEEPOPT pass (run peephole optimizers).

43. Executing OPT_CLEAN pass (remove unused cells and wires).
Finding unused cells or wires in module \spm..

44. Executing ALUMACC pass (create $alu and $macc cells).
Extracting $alu and $macc cells in module spm:
  creating $macc model for $flatten\dsa[0].$add$/home/cl4/Desktop/training/spm/src/spm.v:62$3 ($add).
  creating $macc model for $flatten\dsa[10].$add$/home/cl4/Desktop/training/spm/src/spm.v:62$2 ($add).
  creating $macc model for $flatten\dsa[10].$add$/home/cl4/Desktop/training/spm/src/spm.v:62$3 ($add).
  creating $macc model for $flatten\dsa[11].$add$/home/cl4/Desktop/training/spm/src/spm.v:62$2 ($add).
  creating $macc model for $flatten\dsa[11].$add$/home/cl4/Desktop/training/spm/src/spm.v:62$3 ($add).
  creating $macc model for $flatten\dsa[12].$add$/home/cl4/Desktop/training/spm/src/spm.v:62$2 ($add).
  creating $macc model for $flatten\dsa[12].$add$/home/cl4/Desktop/training/spm/src/spm.v:62$3 ($add).
  creating $macc model for $flatten\dsa[13].$add$/home/cl4/Desktop/training/spm/src/spm.v:62$2 ($add).
  creating $macc model for $flatten\dsa[13].$add$/home/cl4/Desktop/training/spm/src/spm.v:62$3 ($add).
  creating $macc model for $flatten\dsa[14].$add$/home/cl4/Desktop/training/spm/src/spm.v:62$2 ($add).
  creating $macc model for $flatten\dsa[14].$add$/home/cl4/Desktop/training/spm/src/spm.v:62$3 ($add).
  creating $macc model for $flatten\dsa[15].$add$/home/cl4/Desktop/training/spm/src/spm.v:62$2 ($add).
  creating $macc model for $flatten\dsa[15].$add$/home/cl4/Desktop/training/spm/src/spm.v:62$3 ($add).
  creating $macc model for $flatten\dsa[16].$add$/home/cl4/Desktop/training/spm/src/spm.v:62$2 ($add).
  creating $macc model for $flatten\dsa[16].$add$/home/cl4/Desktop/training/spm/src/spm.v:62$3 ($add).
  creating $macc model for $flatten\dsa[17].$add$/home/cl4/Desktop/training/spm/src/spm.v:62$2 ($add).
  creating $macc model for $flatten\dsa[17].$add$/home/cl4/Desktop/training/spm/src/spm.v:62$3 ($add).
  creating $macc model for $flatten\dsa[18].$add$/home/cl4/Desktop/training/spm/src/spm.v:62$2 ($add).
  creating $macc model for $flatten\dsa[18].$add$/home/cl4/Desktop/training/spm/src/spm.v:62$3 ($add).
  creating $macc model for $flatten\dsa[19].$add$/home/cl4/Desktop/training/spm/src/spm.v:62$2 ($add).
  creating $macc model for $flatten\dsa[19].$add$/home/cl4/Desktop/training/spm/src/spm.v:62$3 ($add).
  creating $macc model for $flatten\dsa[1].$add$/home/cl4/Desktop/training/spm/src/spm.v:62$2 ($add).
  creating $macc model for $flatten\dsa[1].$add$/home/cl4/Desktop/training/spm/src/spm.v:62$3 ($add).
  creating $macc model for $flatten\dsa[20].$add$/home/cl4/Desktop/training/spm/src/spm.v:62$2 ($add).
  creating $macc model for $flatten\dsa[20].$add$/home/cl4/Desktop/training/spm/src/spm.v:62$3 ($add).
  creating $macc model for $flatten\dsa[21].$add$/home/cl4/Desktop/training/spm/src/spm.v:62$2 ($add).
  creating $macc model for $flatten\dsa[21].$add$/home/cl4/Desktop/training/spm/src/spm.v:62$3 ($add).
  creating $macc model for $flatten\dsa[22].$add$/home/cl4/Desktop/training/spm/src/spm.v:62$2 ($add).
  creating $macc model for $flatten\dsa[22].$add$/home/cl4/Desktop/training/spm/src/spm.v:62$3 ($add).
  creating $macc model for $flatten\dsa[23].$add$/home/cl4/Desktop/training/spm/src/spm.v:62$2 ($add).
  creating $macc model for $flatten\dsa[23].$add$/home/cl4/Desktop/training/spm/src/spm.v:62$3 ($add).
  creating $macc model for $flatten\dsa[24].$add$/home/cl4/Desktop/training/spm/src/spm.v:62$2 ($add).
  creating $macc model for $flatten\dsa[24].$add$/home/cl4/Desktop/training/spm/src/spm.v:62$3 ($add).
  creating $macc model for $flatten\dsa[25].$add$/home/cl4/Desktop/training/spm/src/spm.v:62$2 ($add).
  creating $macc model for $flatten\dsa[25].$add$/home/cl4/Desktop/training/spm/src/spm.v:62$3 ($add).
  creating $macc model for $flatten\dsa[26].$add$/home/cl4/Desktop/training/spm/src/spm.v:62$2 ($add).
  creating $macc model for $flatten\dsa[26].$add$/home/cl4/Desktop/training/spm/src/spm.v:62$3 ($add).
  creating $macc model for $flatten\dsa[27].$add$/home/cl4/Desktop/training/spm/src/spm.v:62$2 ($add).
  creating $macc model for $flatten\dsa[27].$add$/home/cl4/Desktop/training/spm/src/spm.v:62$3 ($add).
  creating $macc model for $flatten\dsa[28].$add$/home/cl4/Desktop/training/spm/src/spm.v:62$2 ($add).
  creating $macc model for $flatten\dsa[28].$add$/home/cl4/Desktop/training/spm/src/spm.v:62$3 ($add).
  creating $macc model for $flatten\dsa[29].$add$/home/cl4/Desktop/training/spm/src/spm.v:62$2 ($add).
  creating $macc model for $flatten\dsa[29].$add$/home/cl4/Desktop/training/spm/src/spm.v:62$3 ($add).
  creating $macc model for $flatten\dsa[2].$add$/home/cl4/Desktop/training/spm/src/spm.v:62$2 ($add).
  creating $macc model for $flatten\dsa[2].$add$/home/cl4/Desktop/training/spm/src/spm.v:62$3 ($add).
  creating $macc model for $flatten\dsa[30].$add$/home/cl4/Desktop/training/spm/src/spm.v:62$2 ($add).
  creating $macc model for $flatten\dsa[30].$add$/home/cl4/Desktop/training/spm/src/spm.v:62$3 ($add).
  creating $macc model for $flatten\dsa[31].$add$/home/cl4/Desktop/training/spm/src/spm.v:62$2 ($add).
  creating $macc model for $flatten\dsa[31].$add$/home/cl4/Desktop/training/spm/src/spm.v:62$3 ($add).
  creating $macc model for $flatten\dsa[3].$add$/home/cl4/Desktop/training/spm/src/spm.v:62$2 ($add).
  creating $macc model for $flatten\dsa[3].$add$/home/cl4/Desktop/training/spm/src/spm.v:62$3 ($add).
  creating $macc model for $flatten\dsa[4].$add$/home/cl4/Desktop/training/spm/src/spm.v:62$2 ($add).
  creating $macc model for $flatten\dsa[4].$add$/home/cl4/Desktop/training/spm/src/spm.v:62$3 ($add).
  creating $macc model for $flatten\dsa[5].$add$/home/cl4/Desktop/training/spm/src/spm.v:62$2 ($add).
  creating $macc model for $flatten\dsa[5].$add$/home/cl4/Desktop/training/spm/src/spm.v:62$3 ($add).
  creating $macc model for $flatten\dsa[6].$add$/home/cl4/Desktop/training/spm/src/spm.v:62$2 ($add).
  creating $macc model for $flatten\dsa[6].$add$/home/cl4/Desktop/training/spm/src/spm.v:62$3 ($add).
  creating $macc model for $flatten\dsa[7].$add$/home/cl4/Desktop/training/spm/src/spm.v:62$2 ($add).
  creating $macc model for $flatten\dsa[7].$add$/home/cl4/Desktop/training/spm/src/spm.v:62$3 ($add).
  creating $macc model for $flatten\dsa[8].$add$/home/cl4/Desktop/training/spm/src/spm.v:62$2 ($add).
  creating $macc model for $flatten\dsa[8].$add$/home/cl4/Desktop/training/spm/src/spm.v:62$3 ($add).
  creating $macc model for $flatten\dsa[9].$add$/home/cl4/Desktop/training/spm/src/spm.v:62$2 ($add).
  creating $macc model for $flatten\dsa[9].$add$/home/cl4/Desktop/training/spm/src/spm.v:62$3 ($add).
  merging $macc model for $flatten\dsa[9].$add$/home/cl4/Desktop/training/spm/src/spm.v:62$2 into $flatten\dsa[9].$add$/home/cl4/Desktop/training/spm/src/spm.v:62$3.
  merging $macc model for $flatten\dsa[8].$add$/home/cl4/Desktop/training/spm/src/spm.v:62$2 into $flatten\dsa[8].$add$/home/cl4/Desktop/training/spm/src/spm.v:62$3.
  merging $macc model for $flatten\dsa[7].$add$/home/cl4/Desktop/training/spm/src/spm.v:62$2 into $flatten\dsa[7].$add$/home/cl4/Desktop/training/spm/src/spm.v:62$3.
  merging $macc model for $flatten\dsa[6].$add$/home/cl4/Desktop/training/spm/src/spm.v:62$2 into $flatten\dsa[6].$add$/home/cl4/Desktop/training/spm/src/spm.v:62$3.
  merging $macc model for $flatten\dsa[5].$add$/home/cl4/Desktop/training/spm/src/spm.v:62$2 into $flatten\dsa[5].$add$/home/cl4/Desktop/training/spm/src/spm.v:62$3.
  merging $macc model for $flatten\dsa[4].$add$/home/cl4/Desktop/training/spm/src/spm.v:62$2 into $flatten\dsa[4].$add$/home/cl4/Desktop/training/spm/src/spm.v:62$3.
  merging $macc model for $flatten\dsa[3].$add$/home/cl4/Desktop/training/spm/src/spm.v:62$2 into $flatten\dsa[3].$add$/home/cl4/Desktop/training/spm/src/spm.v:62$3.
  merging $macc model for $flatten\dsa[31].$add$/home/cl4/Desktop/training/spm/src/spm.v:62$2 into $flatten\dsa[31].$add$/home/cl4/Desktop/training/spm/src/spm.v:62$3.
  merging $macc model for $flatten\dsa[30].$add$/home/cl4/Desktop/training/spm/src/spm.v:62$2 into $flatten\dsa[30].$add$/home/cl4/Desktop/training/spm/src/spm.v:62$3.
  merging $macc model for $flatten\dsa[2].$add$/home/cl4/Desktop/training/spm/src/spm.v:62$2 into $flatten\dsa[2].$add$/home/cl4/Desktop/training/spm/src/spm.v:62$3.
  merging $macc model for $flatten\dsa[29].$add$/home/cl4/Desktop/training/spm/src/spm.v:62$2 into $flatten\dsa[29].$add$/home/cl4/Desktop/training/spm/src/spm.v:62$3.
  merging $macc model for $flatten\dsa[28].$add$/home/cl4/Desktop/training/spm/src/spm.v:62$2 into $flatten\dsa[28].$add$/home/cl4/Desktop/training/spm/src/spm.v:62$3.
  merging $macc model for $flatten\dsa[27].$add$/home/cl4/Desktop/training/spm/src/spm.v:62$2 into $flatten\dsa[27].$add$/home/cl4/Desktop/training/spm/src/spm.v:62$3.
  merging $macc model for $flatten\dsa[26].$add$/home/cl4/Desktop/training/spm/src/spm.v:62$2 into $flatten\dsa[26].$add$/home/cl4/Desktop/training/spm/src/spm.v:62$3.
  merging $macc model for $flatten\dsa[25].$add$/home/cl4/Desktop/training/spm/src/spm.v:62$2 into $flatten\dsa[25].$add$/home/cl4/Desktop/training/spm/src/spm.v:62$3.
  merging $macc model for $flatten\dsa[24].$add$/home/cl4/Desktop/training/spm/src/spm.v:62$2 into $flatten\dsa[24].$add$/home/cl4/Desktop/training/spm/src/spm.v:62$3.
  merging $macc model for $flatten\dsa[23].$add$/home/cl4/Desktop/training/spm/src/spm.v:62$2 into $flatten\dsa[23].$add$/home/cl4/Desktop/training/spm/src/spm.v:62$3.
  merging $macc model for $flatten\dsa[22].$add$/home/cl4/Desktop/training/spm/src/spm.v:62$2 into $flatten\dsa[22].$add$/home/cl4/Desktop/training/spm/src/spm.v:62$3.
  merging $macc model for $flatten\dsa[21].$add$/home/cl4/Desktop/training/spm/src/spm.v:62$2 into $flatten\dsa[21].$add$/home/cl4/Desktop/training/spm/src/spm.v:62$3.
  merging $macc model for $flatten\dsa[20].$add$/home/cl4/Desktop/training/spm/src/spm.v:62$2 into $flatten\dsa[20].$add$/home/cl4/Desktop/training/spm/src/spm.v:62$3.
  merging $macc model for $flatten\dsa[1].$add$/home/cl4/Desktop/training/spm/src/spm.v:62$2 into $flatten\dsa[1].$add$/home/cl4/Desktop/training/spm/src/spm.v:62$3.
  merging $macc model for $flatten\dsa[19].$add$/home/cl4/Desktop/training/spm/src/spm.v:62$2 into $flatten\dsa[19].$add$/home/cl4/Desktop/training/spm/src/spm.v:62$3.
  merging $macc model for $flatten\dsa[18].$add$/home/cl4/Desktop/training/spm/src/spm.v:62$2 into $flatten\dsa[18].$add$/home/cl4/Desktop/training/spm/src/spm.v:62$3.
  merging $macc model for $flatten\dsa[17].$add$/home/cl4/Desktop/training/spm/src/spm.v:62$2 into $flatten\dsa[17].$add$/home/cl4/Desktop/training/spm/src/spm.v:62$3.
  merging $macc model for $flatten\dsa[16].$add$/home/cl4/Desktop/training/spm/src/spm.v:62$2 into $flatten\dsa[16].$add$/home/cl4/Desktop/training/spm/src/spm.v:62$3.
  merging $macc model for $flatten\dsa[15].$add$/home/cl4/Desktop/training/spm/src/spm.v:62$2 into $flatten\dsa[15].$add$/home/cl4/Desktop/training/spm/src/spm.v:62$3.
  merging $macc model for $flatten\dsa[14].$add$/home/cl4/Desktop/training/spm/src/spm.v:62$2 into $flatten\dsa[14].$add$/home/cl4/Desktop/training/spm/src/spm.v:62$3.
  merging $macc model for $flatten\dsa[13].$add$/home/cl4/Desktop/training/spm/src/spm.v:62$2 into $flatten\dsa[13].$add$/home/cl4/Desktop/training/spm/src/spm.v:62$3.
  merging $macc model for $flatten\dsa[12].$add$/home/cl4/Desktop/training/spm/src/spm.v:62$2 into $flatten\dsa[12].$add$/home/cl4/Desktop/training/spm/src/spm.v:62$3.
  merging $macc model for $flatten\dsa[11].$add$/home/cl4/Desktop/training/spm/src/spm.v:62$2 into $flatten\dsa[11].$add$/home/cl4/Desktop/training/spm/src/spm.v:62$3.
  merging $macc model for $flatten\dsa[10].$add$/home/cl4/Desktop/training/spm/src/spm.v:62$2 into $flatten\dsa[10].$add$/home/cl4/Desktop/training/spm/src/spm.v:62$3.
  creating $alu model for $macc $flatten\dsa[29].$add$/home/cl4/Desktop/training/spm/src/spm.v:62$3.
  creating $alu model for $macc $flatten\dsa[23].$add$/home/cl4/Desktop/training/spm/src/spm.v:62$3.
  creating $alu model for $macc $flatten\dsa[31].$add$/home/cl4/Desktop/training/spm/src/spm.v:62$3.
  creating $alu model for $macc $flatten\dsa[22].$add$/home/cl4/Desktop/training/spm/src/spm.v:62$3.
  creating $alu model for $macc $flatten\dsa[27].$add$/home/cl4/Desktop/training/spm/src/spm.v:62$3.
  creating $alu model for $macc $flatten\dsa[21].$add$/home/cl4/Desktop/training/spm/src/spm.v:62$3.
  creating $alu model for $macc $flatten\dsa[3].$add$/home/cl4/Desktop/training/spm/src/spm.v:62$3.
  creating $alu model for $macc $flatten\dsa[20].$add$/home/cl4/Desktop/training/spm/src/spm.v:62$3.
  creating $alu model for $macc $flatten\dsa[2].$add$/home/cl4/Desktop/training/spm/src/spm.v:62$3.
  creating $alu model for $macc $flatten\dsa[1].$add$/home/cl4/Desktop/training/spm/src/spm.v:62$3.
  creating $alu model for $macc $flatten\dsa[4].$add$/home/cl4/Desktop/training/spm/src/spm.v:62$3.
  creating $alu model for $macc $flatten\dsa[19].$add$/home/cl4/Desktop/training/spm/src/spm.v:62$3.
  creating $alu model for $macc $flatten\dsa[26].$add$/home/cl4/Desktop/training/spm/src/spm.v:62$3.
  creating $alu model for $macc $flatten\dsa[18].$add$/home/cl4/Desktop/training/spm/src/spm.v:62$3.
  creating $alu model for $macc $flatten\dsa[5].$add$/home/cl4/Desktop/training/spm/src/spm.v:62$3.
  creating $alu model for $macc $flatten\dsa[17].$add$/home/cl4/Desktop/training/spm/src/spm.v:62$3.
  creating $alu model for $macc $flatten\dsa[28].$add$/home/cl4/Desktop/training/spm/src/spm.v:62$3.
  creating $alu model for $macc $flatten\dsa[16].$add$/home/cl4/Desktop/training/spm/src/spm.v:62$3.
  creating $alu model for $macc $flatten\dsa[6].$add$/home/cl4/Desktop/training/spm/src/spm.v:62$3.
  creating $alu model for $macc $flatten\dsa[15].$add$/home/cl4/Desktop/training/spm/src/spm.v:62$3.
  creating $alu model for $macc $flatten\dsa[25].$add$/home/cl4/Desktop/training/spm/src/spm.v:62$3.
  creating $alu model for $macc $flatten\dsa[14].$add$/home/cl4/Desktop/training/spm/src/spm.v:62$3.
  creating $alu model for $macc $flatten\dsa[7].$add$/home/cl4/Desktop/training/spm/src/spm.v:62$3.
  creating $alu model for $macc $flatten\dsa[13].$add$/home/cl4/Desktop/training/spm/src/spm.v:62$3.
  creating $alu model for $macc $flatten\dsa[30].$add$/home/cl4/Desktop/training/spm/src/spm.v:62$3.
  creating $alu model for $macc $flatten\dsa[12].$add$/home/cl4/Desktop/training/spm/src/spm.v:62$3.
  creating $alu model for $macc $flatten\dsa[8].$add$/home/cl4/Desktop/training/spm/src/spm.v:62$3.
  creating $alu model for $macc $flatten\dsa[11].$add$/home/cl4/Desktop/training/spm/src/spm.v:62$3.
  creating $alu model for $macc $flatten\dsa[24].$add$/home/cl4/Desktop/training/spm/src/spm.v:62$3.
  creating $alu model for $macc $flatten\dsa[10].$add$/home/cl4/Desktop/training/spm/src/spm.v:62$3.
  creating $alu model for $macc $flatten\dsa[9].$add$/home/cl4/Desktop/training/spm/src/spm.v:62$3.
  creating $alu model for $macc $flatten\dsa[0].$add$/home/cl4/Desktop/training/spm/src/spm.v:62$3.
  creating $alu cell for $flatten\dsa[0].$add$/home/cl4/Desktop/training/spm/src/spm.v:62$3: $auto$alumacc.cc:512:replace_alu$48
  creating $alu cell for $flatten\dsa[9].$add$/home/cl4/Desktop/training/spm/src/spm.v:62$3: $auto$alumacc.cc:512:replace_alu$51
  creating $alu cell for $flatten\dsa[10].$add$/home/cl4/Desktop/training/spm/src/spm.v:62$3: $auto$alumacc.cc:512:replace_alu$54
  creating $alu cell for $flatten\dsa[24].$add$/home/cl4/Desktop/training/spm/src/spm.v:62$3: $auto$alumacc.cc:512:replace_alu$57
  creating $alu cell for $flatten\dsa[11].$add$/home/cl4/Desktop/training/spm/src/spm.v:62$3: $auto$alumacc.cc:512:replace_alu$60
  creating $alu cell for $flatten\dsa[8].$add$/home/cl4/Desktop/training/spm/src/spm.v:62$3: $auto$alumacc.cc:512:replace_alu$63
  creating $alu cell for $flatten\dsa[12].$add$/home/cl4/Desktop/training/spm/src/spm.v:62$3: $auto$alumacc.cc:512:replace_alu$66
  creating $alu cell for $flatten\dsa[30].$add$/home/cl4/Desktop/training/spm/src/spm.v:62$3: $auto$alumacc.cc:512:replace_alu$69
  creating $alu cell for $flatten\dsa[13].$add$/home/cl4/Desktop/training/spm/src/spm.v:62$3: $auto$alumacc.cc:512:replace_alu$72
  creating $alu cell for $flatten\dsa[7].$add$/home/cl4/Desktop/training/spm/src/spm.v:62$3: $auto$alumacc.cc:512:replace_alu$75
  creating $alu cell for $flatten\dsa[14].$add$/home/cl4/Desktop/training/spm/src/spm.v:62$3: $auto$alumacc.cc:512:replace_alu$78
  creating $alu cell for $flatten\dsa[25].$add$/home/cl4/Desktop/training/spm/src/spm.v:62$3: $auto$alumacc.cc:512:replace_alu$81
  creating $alu cell for $flatten\dsa[15].$add$/home/cl4/Desktop/training/spm/src/spm.v:62$3: $auto$alumacc.cc:512:replace_alu$84
  creating $alu cell for $flatten\dsa[6].$add$/home/cl4/Desktop/training/spm/src/spm.v:62$3: $auto$alumacc.cc:512:replace_alu$87
  creating $alu cell for $flatten\dsa[16].$add$/home/cl4/Desktop/training/spm/src/spm.v:62$3: $auto$alumacc.cc:512:replace_alu$90
  creating $alu cell for $flatten\dsa[28].$add$/home/cl4/Desktop/training/spm/src/spm.v:62$3: $auto$alumacc.cc:512:replace_alu$93
  creating $alu cell for $flatten\dsa[17].$add$/home/cl4/Desktop/training/spm/src/spm.v:62$3: $auto$alumacc.cc:512:replace_alu$96
  creating $alu cell for $flatten\dsa[5].$add$/home/cl4/Desktop/training/spm/src/spm.v:62$3: $auto$alumacc.cc:512:replace_alu$99
  creating $alu cell for $flatten\dsa[18].$add$/home/cl4/Desktop/training/spm/src/spm.v:62$3: $auto$alumacc.cc:512:replace_alu$102
  creating $alu cell for $flatten\dsa[26].$add$/home/cl4/Desktop/training/spm/src/spm.v:62$3: $auto$alumacc.cc:512:replace_alu$105
  creating $alu cell for $flatten\dsa[19].$add$/home/cl4/Desktop/training/spm/src/spm.v:62$3: $auto$alumacc.cc:512:replace_alu$108
  creating $alu cell for $flatten\dsa[4].$add$/home/cl4/Desktop/training/spm/src/spm.v:62$3: $auto$alumacc.cc:512:replace_alu$111
  creating $alu cell for $flatten\dsa[1].$add$/home/cl4/Desktop/training/spm/src/spm.v:62$3: $auto$alumacc.cc:512:replace_alu$114
  creating $alu cell for $flatten\dsa[2].$add$/home/cl4/Desktop/training/spm/src/spm.v:62$3: $auto$alumacc.cc:512:replace_alu$117
  creating $alu cell for $flatten\dsa[20].$add$/home/cl4/Desktop/training/spm/src/spm.v:62$3: $auto$alumacc.cc:512:replace_alu$120
  creating $alu cell for $flatten\dsa[3].$add$/home/cl4/Desktop/training/spm/src/spm.v:62$3: $auto$alumacc.cc:512:replace_alu$123
  creating $alu cell for $flatten\dsa[21].$add$/home/cl4/Desktop/training/spm/src/spm.v:62$3: $auto$alumacc.cc:512:replace_alu$126
  creating $alu cell for $flatten\dsa[27].$add$/home/cl4/Desktop/training/spm/src/spm.v:62$3: $auto$alumacc.cc:512:replace_alu$129
  creating $alu cell for $flatten\dsa[22].$add$/home/cl4/Desktop/training/spm/src/spm.v:62$3: $auto$alumacc.cc:512:replace_alu$132
  creating $alu cell for $flatten\dsa[31].$add$/home/cl4/Desktop/training/spm/src/spm.v:62$3: $auto$alumacc.cc:512:replace_alu$135
  creating $alu cell for $flatten\dsa[23].$add$/home/cl4/Desktop/training/spm/src/spm.v:62$3: $auto$alumacc.cc:512:replace_alu$138
  creating $alu cell for $flatten\dsa[29].$add$/home/cl4/Desktop/training/spm/src/spm.v:62$3: $auto$alumacc.cc:512:replace_alu$141
  created 32 $alu and 0 $macc cells.

45. Executing SHARE pass (SAT-based resource sharing).

46. Executing OPT_EXPR pass (perform const folding).
Optimizing module spm.

47. Executing OPT_MERGE pass (detect identical cells).
Finding identical cells in module `\spm'.
Computing hashes of 191 cells of `\spm'.
Finding duplicate cells in `\spm'.
Removed a total of 0 cells.

48. Executing OPT_MUXTREE pass (detect dead branches in mux trees).
Running muxtree optimizer on module \spm..
  Creating internal representation of mux trees.
  No muxes found in this module.
Removed 0 multiplexer ports.

49. Executing OPT_REDUCE pass (consolidate $*mux and $reduce_* inputs).
  Optimizing cells in module \spm.
Performed a total of 0 changes.

50. Executing OPT_MERGE pass (detect identical cells).
Finding identical cells in module `\spm'.
Computing hashes of 191 cells of `\spm'.
Finding duplicate cells in `\spm'.
Removed a total of 0 cells.

51. Executing OPT_DFF pass (perform DFF optimizations).

52. Executing OPT_CLEAN pass (remove unused cells and wires).
Finding unused cells or wires in module \spm..
Removed 31 unused cells and 31 unused wires.
<suppressed ~32 debug messages>

53. Executing OPT_EXPR pass (perform const folding).
Optimizing module spm.

54. Rerunning OPT passes. (Maybe there is more to do…)

55. Executing OPT_MUXTREE pass (detect dead branches in mux trees).
Running muxtree optimizer on module \spm..
  Creating internal representation of mux trees.
  No muxes found in this module.
Removed 0 multiplexer ports.

56. Executing OPT_REDUCE pass (consolidate $*mux and $reduce_* inputs).
  Optimizing cells in module \spm.
Performed a total of 0 changes.

57. Executing OPT_MERGE pass (detect identical cells).
Finding identical cells in module `\spm'.
Computing hashes of 160 cells of `\spm'.
Finding duplicate cells in `\spm'.
Removed a total of 0 cells.

58. Executing OPT_DFF pass (perform DFF optimizations).

59. Executing OPT_CLEAN pass (remove unused cells and wires).
Finding unused cells or wires in module \spm..

60. Executing OPT_EXPR pass (perform const folding).
Optimizing module spm.

61. Executing MEMORY pass.

61.1. Executing OPT_MEM pass (optimize memories).
Performed a total of 0 transformations.

61.2. Executing OPT_MEM_PRIORITY pass (removing unnecessary memory write priority relations).
Performed a total of 0 transformations.

61.3. Executing OPT_MEM_FEEDBACK pass (finding memory read-to-write feedback paths).

61.4. Executing MEMORY_BMUX2ROM pass (converting muxes to ROMs).

61.5. Executing MEMORY_DFF pass (merging $dff cells to $memrd).

61.6. Executing OPT_CLEAN pass (remove unused cells and wires).
Finding unused cells or wires in module \spm..

61.7. Executing MEMORY_SHARE pass (consolidating $memrd/$memwr cells).

61.8. Executing OPT_MEM_WIDEN pass (optimize memories where all ports are wide).
Performed a total of 0 transformations.

61.9. Executing OPT_CLEAN pass (remove unused cells and wires).
Finding unused cells or wires in module \spm..

61.10. Executing MEMORY_COLLECT pass (generating $mem cells).

62. Executing OPT_CLEAN pass (remove unused cells and wires).
Finding unused cells or wires in module \spm..

63. Executing OPT_EXPR pass (perform const folding).
Optimizing module spm.

64. Executing OPT_MERGE pass (detect identical cells).
Finding identical cells in module `\spm'.
Computing hashes of 160 cells of `\spm'.
Finding duplicate cells in `\spm'.
Removed a total of 0 cells.

65. Executing OPT_DFF pass (perform DFF optimizations).

66. Executing OPT_CLEAN pass (remove unused cells and wires).
Finding unused cells or wires in module \spm..

67. Executing MEMORY_MAP pass (converting memories to logic and flip-flops).

68. Executing OPT_EXPR pass (perform const folding).
Optimizing module spm.

69. Executing OPT_MERGE pass (detect identical cells).
Finding identical cells in module `\spm'.
Computing hashes of 160 cells of `\spm'.
Finding duplicate cells in `\spm'.
Removed a total of 0 cells.

70. Executing OPT_MUXTREE pass (detect dead branches in mux trees).
Running muxtree optimizer on module \spm..
  Creating internal representation of mux trees.
  No muxes found in this module.
Removed 0 multiplexer ports.

71. Executing OPT_REDUCE pass (consolidate $*mux and $reduce_* inputs).
  Optimizing cells in module \spm.
Performed a total of 0 changes.

72. Executing OPT_MERGE pass (detect identical cells).
Finding identical cells in module `\spm'.
Computing hashes of 160 cells of `\spm'.
Finding duplicate cells in `\spm'.
Removed a total of 0 cells.

73. Executing OPT_SHARE pass.

74. Executing OPT_DFF pass (perform DFF optimizations).

75. Executing OPT_CLEAN pass (remove unused cells and wires).
Finding unused cells or wires in module \spm..

76. Executing OPT_EXPR pass (perform const folding).
Optimizing module spm.

77. Executing TECHMAP pass (map to technology primitives).

77.1. Executing Verilog-2005 frontend: /nix/store/f1q0w7rd0a4ny4hqvfxlhs4cmariidcy-yosys-0.62/bin/../share/yosys/techmap.v
Parsing Verilog input from `/nix/store/f1q0w7rd0a4ny4hqvfxlhs4cmariidcy-yosys-0.62/bin/../share/yosys/techmap.v' to AST representation.
Generating RTLIL representation for module `\_90_simplemap_bool_ops'.
Generating RTLIL representation for module `\_90_simplemap_reduce_ops'.
Generating RTLIL representation for module `\_90_simplemap_logic_ops'.
Generating RTLIL representation for module `\_90_simplemap_compare_ops'.
Generating RTLIL representation for module `\_90_simplemap_various'.
Generating RTLIL representation for module `\_90_simplemap_registers'.
Generating RTLIL representation for module `\_90_shift_ops_shr_shl_sshl_sshr'.
Generating RTLIL representation for module `\_90_shift_shiftx'.
Generating RTLIL representation for module `\_90_fa'.
Generating RTLIL representation for module `\_90_lcu_brent_kung'.
Generating RTLIL representation for module `\_90_alu'.
Generating RTLIL representation for module `\_90_macc'.
Generating RTLIL representation for module `\_90_alumacc'.
Generating RTLIL representation for module `$__div_mod_u'.
Generating RTLIL representation for module `$__div_mod_trunc'.
Generating RTLIL representation for module `\_90_div'.
Generating RTLIL representation for module `\_90_mod'.
Generating RTLIL representation for module `$__div_mod_floor'.
Generating RTLIL representation for module `\_90_divfloor'.
Generating RTLIL representation for module `\_90_modfloor'.
Generating RTLIL representation for module `\_90_pow'.
Generating RTLIL representation for module `\_90_pmux'.
Generating RTLIL representation for module `\_90_demux'.
Generating RTLIL representation for module `\_90_lut'.
Generating RTLIL representation for module `$connect'.
Generating RTLIL representation for module `$input_port'.
Successfully finished Verilog frontend.

77.2. Continuing TECHMAP pass.
Using template $paramod$1d1e68f77481583066c6d429218f48ea9d5739b3\_90_alu for cells of type $alu.
Using extmapper simplemap for cells of type $adff.
Using extmapper simplemap for cells of type $and.
Using extmapper simplemap for cells of type $not.
Using extmapper simplemap for cells of type $mux.
Using extmapper simplemap for cells of type $pos.
Using template $paramod\_90_fa\WIDTH=32'00000000000000000000000000000010 for cells of type $fa.
Using template $paramod\_90_lcu_brent_kung\WIDTH=32'00000000000000000000000000000010 for cells of type $lcu.
Using extmapper simplemap for cells of type $xor.
Using extmapper simplemap for cells of type $or.
No more expansions possible.
<suppressed ~856 debug messages>

78. Executing OPT_EXPR pass (perform const folding).
Optimizing module spm.
<suppressed ~483 debug messages>

79. Executing OPT_MERGE pass (detect identical cells).
Finding identical cells in module `\spm'.
Computing hashes of 317 cells of `\spm'.
Finding duplicate cells in `\spm'.
Removed a total of 0 cells.

80. Executing OPT_DFF pass (perform DFF optimizations).

81. Executing OPT_CLEAN pass (remove unused cells and wires).
Finding unused cells or wires in module \spm..
Removed 32 unused cells and 1283 unused wires.
<suppressed ~33 debug messages>

82. Executing OPT_EXPR pass (perform const folding).
Optimizing module spm.

83. Executing OPT_MERGE pass (detect identical cells).
Finding identical cells in module `\spm'.
Computing hashes of 285 cells of `\spm'.
Finding duplicate cells in `\spm'.
Removed a total of 0 cells.

84. Executing OPT_DFF pass (perform DFF optimizations).

85. Executing OPT_CLEAN pass (remove unused cells and wires).
Finding unused cells or wires in module \spm..

86. Executing ABC pass (technology mapping using ABC).

86.1. Extracting gate netlist of module `\spm' to `<abc-temp-dir>/input.blif'..

86.1.1. Executed ABC.
Extracted 189 gates and 285 wires to a netlist network with 96 inputs and 64 outputs.
Running ABC script: <abc-temp-dir>/abc.script
ABC: ======== ABC command line "source <abc-temp-dir>/abc.script"
ABC: + read_blif <abc-temp-dir>/input.blif 
ABC: + read_library /tmp/yosys-abc-9JqOuP/stdcells.genlib 
ABC: + strash 
ABC: + dretime 
ABC: + map 
ABC: + write_blif <abc-temp-dir>/output.blif 

86.1.2. Re-integrating ABC results.
ABC RESULTS:               AND cells:        2
ABC RESULTS:            ANDNOT cells:       62
ABC RESULTS:              NAND cells:       31
ABC RESULTS:                OR cells:       31
ABC RESULTS:              XNOR cells:       31
ABC RESULTS:               XOR cells:       32
ABC RESULTS:        internal signals:      125
ABC RESULTS:           input signals:       96
ABC RESULTS:          output signals:       64
Removing temp directory.
Removing global temp directory.

87. Executing OPT pass (performing simple optimizations).

87.1. Executing OPT_EXPR pass (perform const folding).
Optimizing module spm.

87.2. Executing OPT_MERGE pass (detect identical cells).
Finding identical cells in module `\spm'.
Computing hashes of 285 cells of `\spm'.
Finding duplicate cells in `\spm'.
Removed a total of 0 cells.

87.3. Executing OPT_DFF pass (perform DFF optimizations).

87.4. Executing OPT_CLEAN pass (remove unused cells and wires).
Finding unused cells or wires in module \spm..
Removed 0 unused cells and 285 unused wires.
<suppressed ~33 debug messages>

87.5. Finished fast OPT passes.

88. Executing HIERARCHY pass (managing design hierarchy).

88.1. Analyzing design hierarchy..
Top module:  \spm

88.2. Analyzing design hierarchy..
Top module:  \spm
Removed 0 unused modules.

89. Executing CHECK pass (checking for obvious problems).
Checking module spm...
Found and reported 0 problems.

90. Printing statistics.

=== spm ===

        +----------Local Count, excluding submodules.
        | 
      420 wires
      514 wire bits
      295 public wires
      389 public wire bits
        5 ports
       36 port bits
      285 cells
       62   $_ANDNOT_
        2   $_AND_
       64   $_DFF_PN0_
       31   $_NAND_
       31   $_OR_
       31   $_XNOR_
       32   $_XOR_
       32   $scopeinfo

91. Executing OPT pass (performing simple optimizations).

91.1. Executing OPT_EXPR pass (perform const folding).
Optimizing module spm.

91.2. Executing OPT_MERGE pass (detect identical cells).
Finding identical cells in module `\spm'.
Computing hashes of 285 cells of `\spm'.
Finding duplicate cells in `\spm'.
Removed a total of 0 cells.

91.3. Executing OPT_MUXTREE pass (detect dead branches in mux trees).
Running muxtree optimizer on module \spm..
  Creating internal representation of mux trees.
  No muxes found in this module.
Removed 0 multiplexer ports.

91.4. Executing OPT_REDUCE pass (consolidate $*mux and $reduce_* inputs).
  Optimizing cells in module \spm.
Performed a total of 0 changes.

91.5. Executing OPT_MERGE pass (detect identical cells).
Finding identical cells in module `\spm'.
Computing hashes of 285 cells of `\spm'.
Finding duplicate cells in `\spm'.
Removed a total of 0 cells.

91.6. Executing OPT_DFF pass (perform DFF optimizations).

91.7. Executing OPT_CLEAN pass (remove unused cells and wires).
Finding unused cells or wires in module \spm..

91.8. Executing OPT_EXPR pass (perform const folding).
Optimizing module spm.

91.9. Finished fast OPT passes. (There is nothing left to do.)

92. Executing OPT_CLEAN pass (remove unused cells and wires).
Finding unused cells or wires in module \spm..
Removed 32 unused cells and 163 unused wires.
<suppressed ~195 debug messages>
{
   "creator": "Yosys 0.62 (git sha1 7326bb7d6641500ecb285c291a54a662cb1e76cf, clang++ 21.1.2 -fPIC -O3)",
   "invocation": "stat -json -liberty /home/cl4/Desktop/training/spm/runs/RUN_2026-08-07_05-43-40/tmp/f1efec99f9994ed6a27d4e3a32a8a7f8.lib ",
   "modules": {
      "\\spm": {
         "num_wires":         257,
         "num_wire_bits":     288,
         "num_pub_wires":     132,
         "num_pub_wire_bits": 163,
         "num_ports":         5,
         "num_port_bits":     36,
         "num_memories":      0,
         "num_memory_bits":   0,
         "num_processes":     0,
         "num_cells":         253,
         "num_submodules":       0,
         "num_cells_by_type": {
            "$_ANDNOT_": 62,
            "$_AND_": 2,
            "$_DFF_PN0_": 64,
            "$_NAND_": 31,
            "$_OR_": 31,
            "$_XNOR_": 31,
            "$_XOR_": 32
         }
      }
   },
      "design": {
         "num_wires":         257,
         "num_wire_bits":     288,
         "num_pub_wires":     132,
         "num_pub_wire_bits": 163,
         "num_ports":         5,
         "num_port_bits":     36,
         "num_memories":      0,
         "num_memory_bits":   0,
         "num_processes":     0,
         "num_cells":         253,
         "num_submodules":       0,
         "num_cells_by_type": {
            "$_ANDNOT_": 62,
            "$_AND_": 2,
            "$_DFF_PN0_": 64,
            "$_NAND_": 31,
            "$_OR_": 31,
            "$_XNOR_": 31,
            "$_XOR_": 32
         }
      }
}

93. Printing statistics.

=== spm ===

        +----------Local Count, excluding submodules.
        | 
      257 wires
      288 wire bits
      132 public wires
      163 public wire bits
        5 ports
       36 port bits
      253 cells
       62   $_ANDNOT_
        2   $_AND_
       64   $_DFF_PN0_
       31   $_NAND_
       31   $_OR_
       31   $_XNOR_
       32   $_XOR_

   Area for cell type $_ANDNOT_ is unknown!
   Area for cell type $_AND_ is unknown!
   Area for cell type $_DFF_PN0_ is unknown!
   Area for cell type $_NAND_ is unknown!
   Area for cell type $_OR_ is unknown!
   Area for cell type $_XNOR_ is unknown!
   Area for cell type $_XOR_ is unknown!

[INFO] Applying tri-state buffer mapping from '/home/cl4/.ciel/ciel/sky130/versions/8afc8346a57fe1ab7934ba5a6056ea8b43078e71/sky130A/libs.tech/openlane/sky130_fd_sc_hd/tribuff_map.v'…

94. Executing TECHMAP pass (map to technology primitives).

94.1. Executing Verilog-2005 frontend: /home/cl4/.ciel/ciel/sky130/versions/8afc8346a57fe1ab7934ba5a6056ea8b43078e71/sky130A/libs.tech/openlane/sky130_fd_sc_hd/tribuff_map.v
Parsing Verilog input from `/home/cl4/.ciel/ciel/sky130/versions/8afc8346a57fe1ab7934ba5a6056ea8b43078e71/sky130A/libs.tech/openlane/sky130_fd_sc_hd/tribuff_map.v' to AST representation.
Generating RTLIL representation for module `$_TBUF_'.
Successfully finished Verilog frontend.

94.2. Continuing TECHMAP pass.
No more expansions possible.
<suppressed ~3 debug messages>

95. Executing SIMPLEMAP pass (map simple cells to gate primitives).
[INFO] Applying latch mapping from '/home/cl4/.ciel/ciel/sky130/versions/8afc8346a57fe1ab7934ba5a6056ea8b43078e71/sky130A/libs.tech/openlane/sky130_fd_sc_hd/latch_map.v'…

96. Executing TECHMAP pass (map to technology primitives).

96.1. Executing Verilog-2005 frontend: /home/cl4/.ciel/ciel/sky130/versions/8afc8346a57fe1ab7934ba5a6056ea8b43078e71/sky130A/libs.tech/openlane/sky130_fd_sc_hd/latch_map.v
Parsing Verilog input from `/home/cl4/.ciel/ciel/sky130/versions/8afc8346a57fe1ab7934ba5a6056ea8b43078e71/sky130A/libs.tech/openlane/sky130_fd_sc_hd/latch_map.v' to AST representation.
Generating RTLIL representation for module `$_DLATCH_P_'.
Generating RTLIL representation for module `$_DLATCH_N_'.
Successfully finished Verilog frontend.

96.2. Continuing TECHMAP pass.
No more expansions possible.
<suppressed ~4 debug messages>

97. Executing SIMPLEMAP pass (map simple cells to gate primitives).

98. Executing DFFLIBMAP pass (mapping DFF cells to sequential cells from liberty file).
  cell sky130_fd_sc_hd__dfxtp_2 (noninv, pins=3, area=21.27) is a direct match for cell type $_DFF_P_.
  cell sky130_fd_sc_hd__dfrtp_2 (noninv, pins=4, area=26.28) is a direct match for cell type $_DFF_PN0_.
  cell sky130_fd_sc_hd__dfstp_2 (noninv, pins=4, area=26.28) is a direct match for cell type $_DFF_PN1_.
  cell sky130_fd_sc_hd__dfbbn_2 (noninv, pins=6, area=35.03) is a direct match for cell type $_DFFSR_NNN_.
  final dff cell mappings:
    unmapped dff cell: $_DFF_N_
    \sky130_fd_sc_hd__dfxtp_2 _DFF_P_ (.CLK( C), .D( D), .Q( Q));
    unmapped dff cell: $_DFF_NN0_
    unmapped dff cell: $_DFF_NN1_
    unmapped dff cell: $_DFF_NP0_
    unmapped dff cell: $_DFF_NP1_
    \sky130_fd_sc_hd__dfrtp_2 _DFF_PN0_ (.CLK( C), .D( D), .Q( Q), .RESET_B( R));
    \sky130_fd_sc_hd__dfstp_2 _DFF_PN1_ (.CLK( C), .D( D), .Q( Q), .SET_B( R));
    unmapped dff cell: $_DFF_PP0_
    unmapped dff cell: $_DFF_PP1_
    unmapped dff cell: $_DFFE_NN_
    unmapped dff cell: $_DFFE_NP_
    unmapped dff cell: $_DFFE_PN_
    unmapped dff cell: $_DFFE_PP_
    \sky130_fd_sc_hd__dfbbn_2 _DFFSR_NNN_ (.CLK_N( C), .D( D), .Q( Q), .Q_N(~Q), .RESET_B( R), .SET_B( S));
    unmapped dff cell: $_DFFSR_NNP_
    unmapped dff cell: $_DFFSR_NPN_
    unmapped dff cell: $_DFFSR_NPP_
    unmapped dff cell: $_DFFSR_PNN_
    unmapped dff cell: $_DFFSR_PNP_
    unmapped dff cell: $_DFFSR_PPN_
    unmapped dff cell: $_DFFSR_PPP_

98.1. Executing DFFLEGALIZE pass (convert FFs to types supported by the target).
Mapping DFF cells in module `\spm':
  mapped 64 $_DFF_PN0_ cells to \sky130_fd_sc_hd__dfrtp_2 cells.
{
   "creator": "Yosys 0.62 (git sha1 7326bb7d6641500ecb285c291a54a662cb1e76cf, clang++ 21.1.2 -fPIC -O3)",
   "invocation": "stat -json -liberty /home/cl4/Desktop/training/spm/runs/RUN_2026-08-07_05-43-40/tmp/f1efec99f9994ed6a27d4e3a32a8a7f8.lib ",
   "modules": {
      "\\spm": {
         "num_wires":         257,
         "num_wire_bits":     288,
         "num_pub_wires":     132,
         "num_pub_wire_bits": 163,
         "num_ports":         5,
         "num_port_bits":     36,
         "num_memories":      0,
         "num_memory_bits":   0,
         "num_processes":     0,
         "num_cells":         253,
         "num_submodules":       0,
         "area":              1681.612800,
         "sequential_area":    1681.612800,
         "num_cells_by_type": {
            "$_ANDNOT_": 62,
            "$_AND_": 2,
            "$_NAND_": 31,
            "$_OR_": 31,
            "$_XNOR_": 31,
            "$_XOR_": 32,
            "sky130_fd_sc_hd__dfrtp_2": 64
         }
      }
   },
      "design": {
         "num_wires":         257,
         "num_wire_bits":     288,
         "num_pub_wires":     132,
         "num_pub_wire_bits": 163,
         "num_ports":         5,
         "num_port_bits":     36,
         "num_memories":      0,
         "num_memory_bits":   0,
         "num_processes":     0,
         "num_cells":         253,
         "num_submodules":       0,
         "area":              1681.612800,
         "sequential_area":    1681.612800,
         "num_cells_by_type": {
            "$_ANDNOT_": 62,
            "$_AND_": 2,
            "$_NAND_": 31,
            "$_OR_": 31,
            "$_XNOR_": 31,
            "$_XOR_": 32,
            "sky130_fd_sc_hd__dfrtp_2": 64
         }
      }
}

99. Printing statistics.

=== spm ===

        +----------Local Count, excluding submodules.
        |        +-Local Area, excluding submodules.
        |        | 
      257        - wires
      288        - wire bits
      132        - public wires
      163        - public wire bits
        5        - ports
       36        - port bits
      253 1.68E+03 cells
       62        -   $_ANDNOT_
        2        -   $_AND_
       31        -   $_NAND_
       31        -   $_OR_
       31        -   $_XNOR_
       32        -   $_XOR_
       64 1.68E+03   sky130_fd_sc_hd__dfrtp_2

   Area for cell type $_ANDNOT_ is unknown!
   Area for cell type $_AND_ is unknown!
   Area for cell type $_NAND_ is unknown!
   Area for cell type $_OR_ is unknown!
   Area for cell type $_XNOR_ is unknown!
   Area for cell type $_XOR_ is unknown!

   Chip area for module '\spm': 1681.612800
     of which used for sequential elements: 1681.612800 (100.00%)

[INFO] Using generated ABC script '/home/cl4/Desktop/training/spm/runs/RUN_2026-08-07_05-43-40/12-yosys-synthesis/DELAY_1.abc'…

100. Executing ABC pass (technology mapping using ABC).

100.1. Extracting gate netlist of module `\spm' to `/tmp/yosys-abc-eoHxcB/input.blif'..

100.1.1. Executed ABC.
Extracted 189 gates and 285 wires to a netlist network with 96 inputs and 64 outputs.
Running ABC script: /tmp/yosys-abc-eoHxcB/abc.script
ABC: ======== ABC command line "source /tmp/yosys-abc-eoHxcB/abc.script"
ABC: + read_blif /tmp/yosys-abc-eoHxcB/input.blif 
ABC: + read_lib -w /home/cl4/Desktop/training/spm/runs/RUN_2026-08-07_05-43-40/tmp/f1efec99f9994ed6a27d4e3a32a8a7f8.lib 
ABC: Parsing finished successfully.  Parsing time =     0.04 sec
ABC: Scl_LibertyReadGenlib() skipped sequential cell "sky130_fd_sc_hd__dfbbn_2".
ABC: Scl_LibertyReadGenlib() skipped sequential cell "sky130_fd_sc_hd__dfrbp_2".
ABC: Scl_LibertyReadGenlib() skipped sequential cell "sky130_fd_sc_hd__dfrtp_2".
ABC: Scl_LibertyReadGenlib() skipped sequential cell "sky130_fd_sc_hd__dfrtp_4".
ABC: Scl_LibertyReadGenlib() skipped sequential cell "sky130_fd_sc_hd__dfsbp_2".
ABC: Scl_LibertyReadGenlib() skipped sequential cell "sky130_fd_sc_hd__dfstp_2".
ABC: Scl_LibertyReadGenlib() skipped sequential cell "sky130_fd_sc_hd__dfstp_4".
ABC: Scl_LibertyReadGenlib() skipped sequential cell "sky130_fd_sc_hd__dfxbp_2".
ABC: Scl_LibertyReadGenlib() skipped sequential cell "sky130_fd_sc_hd__dfxtp_2".
ABC: Scl_LibertyReadGenlib() skipped sequential cell "sky130_fd_sc_hd__dfxtp_4".
ABC: Scl_LibertyReadGenlib() skipped sequential cell "sky130_fd_sc_hd__dlxtn_1".
ABC: Scl_LibertyReadGenlib() skipped sequential cell "sky130_fd_sc_hd__dlxtn_2".
ABC: Scl_LibertyReadGenlib() skipped sequential cell "sky130_fd_sc_hd__dlxtn_4".
ABC: Scl_LibertyReadGenlib() skipped sequential cell "sky130_fd_sc_hd__dlxtp_1".
ABC: Scl_LibertyReadGenlib() skipped three-state cell "sky130_fd_sc_hd__ebufn_2".
ABC: Scl_LibertyReadGenlib() skipped three-state cell "sky130_fd_sc_hd__ebufn_4".
ABC: Scl_LibertyReadGenlib() skipped three-state cell "sky130_fd_sc_hd__ebufn_8".
ABC: Library "sky130_fd_sc_hd__tt_025C_1v80" from "/home/cl4/Desktop/training/spm/runs/RUN_2026-08-07_05-43-40/tmp/f1efec99f9994ed6a27d4e3a32a8a7f8.lib" has 175 cells (17 skipped: 14 seq; 3 tri-state; 0 no func; 0 dont_use; 0 with 2 outputs; 0 with 3+ outputs).  Time =     0.07 sec
ABC: Memory =    9.54 MB. Time =     0.07 sec
ABC: Warning: Detected 2 multi-output cells (for example, "sky130_fd_sc_hd__fa_1").
ABC: + read_constr -v /home/cl4/Desktop/training/spm/runs/RUN_2026-08-07_05-43-40/12-yosys-synthesis/synthesis.abc.sdc 
ABC: Setting driving cell to be "sky130_fd_sc_hd__inv_2/Y".
ABC: Setting output load to be 33.442001.
ABC: + source /home/cl4/Desktop/training/spm/runs/RUN_2026-08-07_05-43-40/12-yosys-synthesis/DELAY_1.abc 
ABC: Error: The network is combinational.
ABC: The cell areas are multiplied by the factor: <num_fanins> ^ (0.90).
ABC: The cell delays are multiplied by the factor: <num_fanins> ^ (0.20).
ABC: Cannot find the default PI driving cell (sky130_fd_sc_hd__inv_2/Y) in the library.
ABC: WireLoad = "none"  Gates =    282 ( 11.0 %)   Cap = 13.0 ff (  1.4 %)   Area =     2349.75 ( 89.0 %)   Delay =   622.02 ps  (  0.7 %)               
ABC: Path  0 --      95 : 0    2 pi                      A =   0.00  Df =   0.0   -0.0 ps  S =   0.0 ps  Cin =  0.0 ff  Cout =   6.3 ff  Cmax =   0.0 ff  G =    0  
ABC: Path  1 --     440 : 3    2 sky130_fd_sc_hd__and3_2 A =   7.51  Df = 291.0  -16.8 ps  S = 203.0 ps  Cin =  1.5 ff  Cout =  38.1 ff  Cmax = 309.5 ff  G = 2548  
ABC: Path  2 --     442 : 2    1 sky130_fd_sc_hd__nor2_2 A =   6.26  Df = 622.0 -192.7 ps  S = 373.5 ps  Cin =  4.4 ff  Cout =  33.4 ff  Cmax = 141.9 ff  G =  756  
ABC: Start-point = pi94 (\dsa[0].last_carry).  End-point = po63 (\dsa[0].y_out_next).
ABC: netlist                       : i/o =   96/   64  lat =    0  nd =   282  edge =    752  area =980.12  delay =368.95  lev = 3
ABC: + write_blif /tmp/yosys-abc-eoHxcB/output.blif 

100.1.2. Re-integrating ABC results.
ABC RESULTS:   sky130_fd_sc_hd__a21o_2 cells:       31
ABC RESULTS:   sky130_fd_sc_hd__a21oi_2 cells:       32
ABC RESULTS:   sky130_fd_sc_hd__and3_2 cells:       32
ABC RESULTS:   sky130_fd_sc_hd__inv_2 cells:       31
ABC RESULTS:   sky130_fd_sc_hd__nand2_2 cells:       31
ABC RESULTS:   sky130_fd_sc_hd__nand3_2 cells:       62
ABC RESULTS:   sky130_fd_sc_hd__nor2_2 cells:        1
ABC RESULTS:   sky130_fd_sc_hd__o21ai_2 cells:       31
ABC RESULTS:   sky130_fd_sc_hd__o21bai_2 cells:       31
ABC RESULTS:        internal signals:      125
ABC RESULTS:           input signals:       96
ABC RESULTS:          output signals:       64
Removing temp directory.
Removing global temp directory.

101. Executing SETUNDEF pass (replace undef values with defined constants).

102. Executing HILOMAP pass (mapping to constant drivers).

103. Executing SPLITNETS pass (splitting up multi-bit signals).

104. Executing OPT_CLEAN pass (remove unused cells and wires).
Finding unused cells or wires in module \spm..
Removed 0 unused cells and 285 unused wires.
<suppressed ~1 debug messages>

105. Executing INSBUF pass (insert buffer cells for connected wires).

106. Executing CHECK pass (checking for obvious problems).
Checking module spm...
Found and reported 0 problems.
{
   "creator": "Yosys 0.62 (git sha1 7326bb7d6641500ecb285c291a54a662cb1e76cf, clang++ 21.1.2 -fPIC -O3)",
   "invocation": "stat -json -liberty /home/cl4/Desktop/training/spm/runs/RUN_2026-08-07_05-43-40/tmp/f1efec99f9994ed6a27d4e3a32a8a7f8.lib ",
   "modules": {
      "\\spm": {
         "num_wires":         350,
         "num_wire_bits":     381,
         "num_pub_wires":     132,
         "num_pub_wire_bits": 163,
         "num_ports":         5,
         "num_port_bits":     36,
         "num_memories":      0,
         "num_memory_bits":   0,
         "num_processes":     0,
         "num_cells":         346,
         "num_submodules":       0,
         "area":              4031.366400,
         "sequential_area":    1681.612800,
         "num_cells_by_type": {
            "sky130_fd_sc_hd__a21o_2": 31,
            "sky130_fd_sc_hd__a21oi_2": 32,
            "sky130_fd_sc_hd__and3_2": 32,
            "sky130_fd_sc_hd__dfrtp_2": 64,
            "sky130_fd_sc_hd__inv_2": 31,
            "sky130_fd_sc_hd__nand2_2": 31,
            "sky130_fd_sc_hd__nand3_2": 62,
            "sky130_fd_sc_hd__nor2_2": 1,
            "sky130_fd_sc_hd__o21ai_2": 31,
            "sky130_fd_sc_hd__o21bai_2": 31
         }
      }
   },
      "design": {
         "num_wires":         350,
         "num_wire_bits":     381,
         "num_pub_wires":     132,
         "num_pub_wire_bits": 163,
         "num_ports":         5,
         "num_port_bits":     36,
         "num_memories":      0,
         "num_memory_bits":   0,
         "num_processes":     0,
         "num_cells":         346,
         "num_submodules":       0,
         "area":              4031.366400,
         "sequential_area":    1681.612800,
         "num_cells_by_type": {
            "sky130_fd_sc_hd__a21o_2": 31,
            "sky130_fd_sc_hd__a21oi_2": 32,
            "sky130_fd_sc_hd__and3_2": 32,
            "sky130_fd_sc_hd__dfrtp_2": 64,
            "sky130_fd_sc_hd__inv_2": 31,
            "sky130_fd_sc_hd__nand2_2": 31,
            "sky130_fd_sc_hd__nand3_2": 62,
            "sky130_fd_sc_hd__nor2_2": 1,
            "sky130_fd_sc_hd__o21ai_2": 31,
            "sky130_fd_sc_hd__o21bai_2": 31
         }
      }
}

107. Printing statistics.

=== spm ===

        +----------Local Count, excluding submodules.
        |        +-Local Area, excluding submodules.
        |        | 
      350        - wires
      381        - wire bits
      132        - public wires
      163        - public wire bits
        5        - ports
       36        - port bits
      346 4.03E+03 cells
       31   271.51   sky130_fd_sc_hd__a21o_2
       32  280.269   sky130_fd_sc_hd__a21oi_2
       32   240.23   sky130_fd_sc_hd__and3_2
       64 1.68E+03   sky130_fd_sc_hd__dfrtp_2
       31  116.362   sky130_fd_sc_hd__inv_2
       31  193.936   sky130_fd_sc_hd__nand2_2
       62  620.595   sky130_fd_sc_hd__nand3_2
        1    6.256   sky130_fd_sc_hd__nor2_2
       31   271.51   sky130_fd_sc_hd__o21ai_2
       31  349.085   sky130_fd_sc_hd__o21bai_2

   Chip area for module '\spm': 4031.366400
     of which used for sequential elements: 1681.612800 (41.71%)

108. Executing Verilog backend.
Dumping module `\spm'.

109. Executing JSON backend.
